## pcs status
Cluster name: democluster
Cluster Summary:
  * Stack: corosync
  * Current DC: demovmehost01 (version 2.1.5) - partition WITHOUT quorum
  * Last updated: Sat Aug  2 09:16:30 2026
  * 3 nodes configured
  * 12 resource instances configured

Node List:
  * Online: [ demovmehost01 ]
  * OFFLINE: [ demovmehost02 demovmehost03 ]

Full List of Resources:
  * fence_ilo_host01  (stonith:fence_ilo): Started demovmehost01
  * fence_ilo_host02  (stonith:fence_ilo): Stopped (DISABLED)
  * fence_ilo_host03  (stonith:fence_ilo): Stopped (DISABLED)
  * Clone Set: dlm-clone [dlm]:
    * Started: [ demovmehost01 ]
    * Stopped: [ demovmehost02 demovmehost03 ]
  * Clone Set: gfs2_mount_shared-clone [gfs2_mount_shared]:
    * Started: [ demovmehost01 ]
    * Stopped: [ demovmehost02 demovmehost03 ]
  * vm_webserver01  (ocf::heartbeat:VirtualDomain): FAILED demovmehost01
  * vm_database01   (ocf::heartbeat:VirtualDomain): Stopped
  * vm_appserver01  (ocf::heartbeat:VirtualDomain): Stopped
  * vm_mailserver01 (ocf::heartbeat:VirtualDomain): Stopped

Failed Resource Actions:
  * vm_webserver01_start_0 on demovmehost01 'error' (1): call=234, status='complete', exitreason='internal error: process exited while connecting to monitor'
  * vm_database01_start_0 on demovmehost01 'error' (1): call=235, status='complete', exitreason='insufficient memory'
  * dlm_monitor_30000 on demovmehost01 'Timed Out' (1): call=100, status='Timed Out'
  * gfs2_mount_shared_monitor_20000 on demovmehost01 'error' (1): call=101, status='complete', exitreason='filesystem withdrawn'

Fencing History:
  * demovmehost02: reboot by demovmehost01 at Aug 02 09:14:56 -- SUCCESS
  * demovmehost03: reboot by demovmehost01 at Aug 02 09:15:25 -- SUCCESS

## corosync quorum status
Quorum information
------------------
Date:             Sat Aug  2 09:16:30 2026
Quorum provider:  corosync_votequorum
Nodes:            1
Node ID:          1
Ring ID:          1.234
Quorate:          No (quorum lost)

Votequorum information
----------------------
Expected votes:   3
Highest expected: 3
Total votes:      1
Quorum:           2
Flags:            

Membership information
----------------------
    Nodeid      Votes Name
         1          1 demovmehost01 (local)
