Aug 02 09:14:55 demovmehost01 kernel: GFS2: fsid=democluster:gfs2vol01: jid=0: Trying to acquire journal lock...
Aug 02 09:14:56 demovmehost01 kernel: GFS2: fsid=democluster:gfs2vol01: jid=0: Looking at journal...
Aug 02 09:15:00 demovmehost01 kernel: GFS2: fsid=democluster:gfs2vol01: jid=0: Done
Aug 02 09:15:05 demovmehost01 kernel: gfs2_glock_wait blocked for 120s on glock 2/1a2b3c type SH
Aug 02 09:15:05 demovmehost01 kernel: gfs2_create_inode: gfs2_glock_nq blocked waiting for EX lock
Aug 02 09:15:05 demovmehost01 kernel: glock contention on resource 2/1a2b3c - DLM glock deadlock suspected
Aug 02 09:15:10 demovmehost01 kernel: GFS2: fsid=democluster:gfs2vol01: fatal: invalid metadata block
Aug 02 09:15:10 demovmehost01 kernel: GFS2: fsid=democluster:gfs2vol01: bh = 4096 type:exp=5 found=0
Aug 02 09:15:11 demovmehost01 kernel: gfs2_meta_check_ii: invalid metadata detected
Aug 02 09:15:11 demovmehost01 kernel: gfs2_meta_buffer: withdraw triggered by invalid metadata
Aug 02 09:15:11 demovmehost01 kernel: File system withdrawn due to metadata corruption
Aug 02 09:15:15 demovmehost01 kernel: GFS2: fsid=democluster:gfs2vol01: filesystem withdraw
Aug 02 09:15:15 demovmehost01 kernel: GFS2: fsid=democluster:gfs2vol01: Remounting filesystem read-only (gfs2)
Aug 02 09:15:16 demovmehost01 kernel: GFS2: read only mode activated on all cluster nodes
Aug 02 09:15:16 demovmehost01 kernel: multiple datastore read only - GFS2 cluster-wide read-only
Aug 02 09:15:20 demovmehost01 kernel: mount control error -2 on /dev/mapper/vg_shared-lv_gfs2
Aug 02 09:15:20 demovmehost01 kernel: control_mount wait block - lockspace leaving mount failed
Aug 02 09:15:20 demovmehost01 kernel: gfs2 mount join failed - cannot mount filesystem
Aug 02 09:15:25 demovmehost01 kernel: bad superblock on /dev/mapper/vg_shared-lv_gfs2
Aug 02 09:15:25 demovmehost01 kernel: wrong fs type, bad superblock - gfs2 can't find protocol
Aug 02 09:15:30 demovmehost01 kernel: Gap DF-DU: df shows 450GiB used, du shows 320GiB used
Aug 02 09:15:30 demovmehost01 kernel: GFS2 accounting discrepancy: space not reclaimed after delete
Aug 02 09:15:30 demovmehost01 kernel: orphan inodes consuming 130G - GFS2 space accounting discrepancy
