Aug 02 09:14:50 [TOTEM ] Token not received in 10000 ms - retransmit token timeout
Aug 02 09:14:50 [TOTEM ] Failed to receive token within timeout - scheduling new election
Aug 02 09:14:51 [TOTEM ] A processor failed, forming new configuration.
Aug 02 09:14:51 [CPG   ] membership changed: Members left: 2
Aug 02 09:14:52 [QUORUM] quorum lost: Quorum membership changed - Expected 3 nodes, have 1
Aug 02 09:14:52 [QUORUM] partition WITHOUT quorum - blocking resource actions
Aug 02 09:14:53 [KNET  ] link: host: 2 link: 0 is down
Aug 02 09:14:53 [KNET  ] link: host: 3 link: 0 is down
Aug 02 09:14:55 [CFG   ] Killed by node 1 - dlm_controld requested shutdown
Aug 02 09:14:55 [MAIN  ] Corosync Cluster Engine exiting with status -1 (dlm_controld kill)
Aug 02 09:14:58 corosync [TOTEM ] ring 0 error: interface 192.168.100.10 is now down
Aug 02 09:14:58 corosync [TOTEM ] Totem ring 0 FAULTY - no heartbeat from peer
Aug 02 09:15:00 [QUORUM] quorum lost: votequorum lost - only 1 of 3 nodes visible
Aug 02 09:15:05 corosync: Could not connect to Corosync CFG service: CS_ERR_LIBRARY
Aug 02 09:15:05 corosync: cluster reconnect failed, will be reattempted in 5s
Aug 02 09:15:10 pacemaker-controld: Node demovmehost02 state is now lost
Aug 02 09:15:10 pacemaker-controld: member demovmehost02 left partition
Aug 02 09:15:11 pacemaker-controld: Node demovmehost03 state is now lost
Aug 02 09:15:11 pacemaker-controld: member demovmehost03 left partition
Aug 02 09:15:15 pacemaker-controld: lost quorum - no longer has quorum (2 of 3 nodes lost)
Aug 02 09:15:15 pacemaker-controld: cluster partition detected - possible split brain
Aug 02 09:15:20 pacemaker-fenced: Initiating stonith action 'reboot' on demovmehost02
Aug 02 09:15:20 pacemaker-fenced: STONITH operation reboot of demovmehost02 by demovmehost01
Aug 02 09:15:21 pacemaker-fenced: fencing node demovmehost02 with device fence_ilo
Aug 02 09:15:25 pacemaker-fenced: stonith action reboot on demovmehost03 completed
Aug 02 09:15:25 pacemaker-fenced: Peer demovmehost03 was terminated (fenced) by demovmehost01
Aug 02 09:15:30 pacemaker-schedulerd: resource vm_webserver01 failed to start on demovmehost01
Aug 02 09:15:30 pacemaker-schedulerd: Failed to start vm_database01: internal error
Aug 02 09:15:35 pacemaker-schedulerd: resource gfs2_shared orphaned - resource orphan detected
Aug 02 09:15:35 pacemaker-schedulerd: unmanaged resource: gfs2_mount_shared is no longer managed
Aug 02 09:15:40 pacemaker-controld: election round 1500001 starting - DC election storm detected
Aug 02 09:15:40 pacemaker-controld: Starting election round 1500002 - election count exceeded threshold
Aug 02 09:15:45 dlm_controld[1234]: dlm error -107: lockspace join failed for democluster
Aug 02 09:15:45 dlm_controld[1234]: DLM ENOTCONN: can't find protocol for lockspace democluster
Aug 02 09:15:50 dlm_controld[1234]: stateful merge detected - kill due to stateful merge
Aug 02 09:15:50 dlm_controld[1234]: tell corosync to remove nodeid 2 after stateful merge
Aug 02 09:15:55 dlm_controld[1234]: dlm_monitor timed out after 60000ms for resource gfs2-DLM
Aug 02 09:15:55 pacemaker-fenced: on-fail=fence triggered for dlm_monitor Timed Out
Aug 02 09:16:00 pacemaker-controld: Discarding update with feature set 3.7.0 greater than our own 3.6.2
Aug 02 09:16:00 pacemaker-controld: CIB feature set 3.7.0 greater than local node capabilities
Aug 02 09:16:05 pacemaker-fenced: fence device fence_ilo does not exist on demovmehost03
Aug 02 09:16:05 pacemaker-fenced: STONITH device not configured: fence_scsi Failed device not exist
Aug 02 09:16:10 dlm_controld[1234]: validate_lock_args WARNING at fs/dlm/lock.c:1234
Aug 02 09:16:10 dlm_controld[1234]: WARNING validate_lock_args: dlm lock conversion failed EINVAL
Aug 02 09:16:15 pacemaker-controld: Connection refused to port 7443 - cluster communication failure
Aug 02 09:16:15 pacemaker-controld: cannot connect to cluster service on port 2224
Aug 02 09:16:20 pacemaker-controld: cluster communication failure: connection refused 5405
Aug 02 09:16:20 pacemaker-schedulerd: Unable to Write Heartbeat file to datastore
Aug 02 09:16:20 pacemaker-schedulerd: Failed to write heartbeat file - heartbeat datastore unhealthy
Aug 02 09:16:25 pacemaker-schedulerd: All heartbeat datastore paths have been unhealthy for 60s. Shutting down all VMs
Aug 02 09:16:25 pacemaker-schedulerd: isolation shutdown initiated - all VMs will be powered off
Aug 02 09:16:30 pacemaker-fenced: stonith action triggered on demovmehost01 - self-fencing initiated
Aug 02 09:16:30 pacemaker-fenced: self-fencing risk: peer lost communication for 120s
