2026-08-02 09:15:00.123+0000: starting up libvirt version: 8.0.0, qemu version: 6.2.0
2026-08-02 09:15:00.234+0000: Domain id=1 name='vm_webserver01' uuid='a1b2c3d4-e5f6-7890-abcd-ef1234567890'
2026-08-02 09:15:01.345+0000: monitor: QEMU 6.2.0 monitor - type 'help' for more information
2026-08-02 09:15:05.456+0000: qemu-kvm: error: Failed to open file '/var/lib/libvirt/images/vm_webserver01.qcow2': Permission denied
2026-08-02 09:15:05.567+0000: qemu error: unable to map backing store for guest RAM: Cannot allocate memory
2026-08-02 09:15:06.678+0000: libvirt internal error: failed to create domain vm_webserver01
2026-08-02 09:15:06.789+0000: libvirtd Error: virConnectOpen failed - unable to connect to hypervisor
2026-08-02 09:15:10.890+0000: failed to start domain vm_webserver01: internal error - process exited while connecting to monitor
2026-08-02 09:15:10.901+0000: unable to create domain vm_database01: insufficient memory
2026-08-02 09:15:15.012+0000: domain vm_webserver01 crashed - qemu terminated unexpectedly with signal 9
2026-08-02 09:15:15.123+0000: guest vm_webserver01 crashed: VM unexpected shutdown detected
2026-08-02 09:15:20.234+0000: KVM internal error. Suberror: 1
2026-08-02 09:15:20.345+0000: qemu-kvm failed to execute: emulation failure
2026-08-02 09:15:25.456+0000: provision timed out for vm_appserver01 after 600s
2026-08-02 09:15:25.567+0000: vm creation timeout: exceeded timeout during provisioning of vm_appserver01
2026-08-02 09:15:30.678+0000: Failed to terminate process 8721 with SIGKILL: Device or resource busy
2026-08-02 09:15:30.789+0000: cannot parse process - qemu SIGKILL failed
2026-08-02 09:15:35.890+0000: domain vm_database01 in shutdown state - unable to transition
2026-08-02 09:15:35.901+0000: Failed to destroy domain vm_database01: domain is not running
2026-08-02 09:15:35.012+0000: power-on fail for vm_database01 - vm stuck in shutdown
2026-08-02 09:15:40.123+0000: remoteDispatchConnectGetAllDomainStats taking too long
2026-08-02 09:15:40.234+0000: cannot acquire state change lock for vm_webserver01 - held by monitor job
2026-08-02 09:15:40.345+0000: libvirtd stuck job detected: getAllDomainStats blocked for 300s
